{
    "sdf" : {
	"gpt" : 1,
	"rpm" : 0,
	"size" : 1536000,
	"type" : "hdd",
	"osdencrypted": 0,
	"osdid" : "444",
	"osdid-list" : ["444"],
	"bluestore" : "0",
	"health" : "UNKNOWN",
	"model" : "MODEL1",
	"used" : "mounted",
	"wearout" : "N/A",
	"wwn" : "0x0000000000000000",
	"devpath" : "/dev/sdf",
	"vendor" : "ATA",
	"serial" : "SERIAL1"
    },
    "sde" : {
	"wwn" : "0x0000000000000000",
	"devpath" : "/dev/sde",
	"serial" : "SERIAL1",
	"vendor" : "ATA",
	"health" : "UNKNOWN",
	"rpm" : 0,
	"size" : 1536000,
	"gpt" : 1,
	"osdid" : -1,
	"osdid-list" : null,
	"type" : "hdd",
	"model" : "MODEL1",
	"used" : "Device Mapper",
	"wearout" : "N/A"
    },
    "sdb" : {
	"serial" : "SERIAL1",
	"vendor" : "ATA",
	"wwn" : "0x0000000000000000",
	"devpath" : "/dev/sdb",
	"model" : "MODEL1",
	"used" : "LVM",
	"wearout" : "N/A",
	"health" : "UNKNOWN",
	"gpt" : 1,
	"size" : 1536000,
	"rpm" : 0,
	"type" : "hdd",
	"osdid" : -1,
	"osdid-list" : null
    },
    "sda" : {
	"model" : "MODEL1",
	"used" : "mounted",
	"mounted": 1,
	"wearout" : "N/A",
	"health" : "UNKNOWN",
	"gpt" : 1,
	"size" : 1536000,
	"rpm" : 0,
	"type" : "hdd",
	"osdid" : -1,
	"osdid-list" : null,
	"serial" : "SERIAL1",
	"vendor" : "ATA",
	"wwn" : "0x0000000000000000",
	"devpath" : "/dev/sda"
    },
    "sdc" : {
	"serial" : "SERIAL1",
	"vendor" : "ATA",
	"devpath" : "/dev/sdc",
	"wwn" : "0x0000000000000000",
	"used" : "ZFS",
	"wearout" : "N/A",
	"model" : "MODEL1",
	"health" : "UNKNOWN",
	"type" : "hdd",
	"osdid" : -1,
	"osdid-list" : null,
	"gpt" : 1,
	"rpm" : 0,
	"size" : 1536000
    },
    "sdd" : {
	"model" : "MODEL1",
	"wearout" : "N/A",
	"health" : "UNKNOWN",
	"size" : 1536000,
	"rpm" : 0,
	"gpt" : 1,
	"type" : "hdd",
	"osdid" : -1,
	"osdid-list" : null,
	"serial" : "SERIAL1",
	"used": "ZFS",
	"vendor" : "ATA",
	"wwn" : "0x0000000000000000",
	"devpath" : "/dev/sdd"
    },
    "sdg" : {
	"serial" : "SERIAL1",
	"vendor" : "ATA",
	"wwn" : "0x0000000000000000",
	"devpath" : "/dev/sdg",
	"model" : "MODEL1",
	"used" : "LVM",
	"wearout" : "N/A",
	"health" : "UNKNOWN",
	"gpt" : 1,
	"size" : 1536000,
	"rpm" : 0,
	"type" : "hdd",
	"bluestore": 1,
	"osdencrypted": 0,
	"osdid" : 1,
	"osdid-list" : [1]
    },
    "sdh" : {
	"serial" : "SERIAL1",
	"vendor" : "ATA",
	"wwn" : "0x0000000000000000",
	"devpath" : "/dev/sdh",
	"model" : "MODEL1",
	"used" : "LVM",
	"wearout" : "N/A",
	"health" : "UNKNOWN",
	"gpt" : 1,
	"journals": 1,
	"size" : 1536000,
	"rpm" : 0,
	"type" : "hdd",
	"osdid" : -1,
	"osdid-list" : null
    },
    "sdi" : {
	"serial" : "SERIAL1",
	"vendor" : "ATA",
	"wwn" : "0x0000000000000000",
	"devpath" : "/dev/sdi",
	"model" : "MODEL1",
	"used" : "LVM",
	"wearout" : "N/A",
	"health" : "UNKNOWN",
	"gpt" : 1,
	"size" : 1536000,
	"rpm" : 0,
	"type" : "hdd",
	"db": 1,
	"osdid" : -1,
	"osdid-list" : null
    },
    "sdj" : {
	"serial" : "SERIAL1",
	"vendor" : "ATA",
	"wwn" : "0x0000000000000000",
	"devpath" : "/dev/sdj",
	"model" : "MODEL1",
	"used" : "LVM",
	"wearout" : "N/A",
	"health" : "UNKNOWN",
	"gpt" : 1,
	"size" : 1536000,
	"rpm" : 0,
	"bluestore": 0,
	"type" : "hdd",
	"osdencrypted": 1,
	"osdid" : 0,
	"osdid-list" : [0]
    },
    "sdk" : {
	"serial" : "SERIAL1",
	"vendor" : "ATA",
	"wwn" : "0x0000000000000000",
	"devpath" : "/dev/sdk",
	"model" : "MODEL1",
	"used" : "LVM",
	"wearout" : "N/A",
	"health" : "UNKNOWN",
	"gpt" : 1,
	"size" : 1536000,
	"rpm" : 0,
	"bluestore": 0,
	"type" : "hdd",
	"osdencrypted": 0,
	"osdid" : 230,
	"osdid-list": [230]
    },
    "sdl" : {
	"serial" : "SERIAL1",
	"vendor" : "ATA",
	"wwn" : "0x0000000000000000",
	"devpath" : "/dev/sdl",
	"model" : "MODEL1",
	"used" : "LVM",
	"wearout" : "N/A",
	"health" : "UNKNOWN",
	"gpt" : 1,
	"size" : 1536000,
	"rpm" : 0,
	"type" : "hdd",
	"osdid" : -1,
	"osdid-list" : null
    },
    "sdm" : {
	"serial" : "SERIAL1",
	"vendor" : "ATA",
	"wwn" : "0x0000000000000000",
	"devpath" : "/dev/sdm",
	"model" : "MODEL1",
	"used" : "ZFS",
	"wearout" : "N/A",
	"health" : "UNKNOWN",
	"gpt" : 1,
	"size" : 1536000,
	"rpm" : 0,
	"type" : "hdd",
	"osdid" : -1,
	"osdid-list" : null
    },
    "sdn" : {
	"serial" : "SERIAL1",
	"vendor" : "ATA",
	"wwn" : "0x0000000000000000",
	"devpath" : "/dev/sdn",
	"model" : "MODEL1",
	"used" : "xfs",
	"wearout" : "N/A",
	"health" : "UNKNOWN",
	"gpt" : 0,
	"size" : 1536000,
	"rpm" : 0,
	"type" : "hdd",
	"osdid" : -1,
	"osdid-list" : null
    }
}
