{
    "nvme0n1" : {
	"wearout" : "N/A",
	"vendor" : "unknown",
	"size" : 512000,
	"journals" : 0,
	"health" : "PASSED",
	"serial" : "unknown",
	"model" : "NVME MODEL 1",
	"rpm" : 0,
	"osdid" : -1,
	"devpath" : "/dev/nvme0n1",
	"gpt" : 0,
	"wwn" : "unknown",
	"type" : "ssd"
    }
}
