{
    "sdf" : {
	"gpt" : 1,
	"rpm" : 0,
	"size" : 1536000,
	"type" : "hdd",
	"osdid" : "444",
	"bluestore" : "0",
	"health" : "UNKNOWN",
	"model" : "MODEL1",
	"used" : "mounted",
	"wearout" : "N/A",
	"wwn" : "0x0000000000000000",
	"devpath" : "/dev/sdf",
	"vendor" : "ATA",
	"serial" : "SERIAL1"
    },
    "sde" : {
	"wwn" : "0x0000000000000000",
	"devpath" : "/dev/sde",
	"serial" : "SERIAL1",
	"vendor" : "ATA",
	"health" : "UNKNOWN",
	"rpm" : 0,
	"size" : 1536000,
	"gpt" : 1,
	"osdid" : -1,
	"type" : "hdd",
	"model" : "MODEL1",
	"used" : "Device Mapper",
	"wearout" : "N/A"
    },
    "sdb" : {
	"serial" : "SERIAL1",
	"vendor" : "ATA",
	"wwn" : "0x0000000000000000",
	"devpath" : "/dev/sdb",
	"model" : "MODEL1",
	"used" : "LVM",
	"wearout" : "N/A",
	"health" : "UNKNOWN",
	"gpt" : 1,
	"size" : 1536000,
	"rpm" : 0,
	"type" : "hdd",
	"osdid" : -1
    },
    "sda" : {
	"model" : "MODEL1",
	"used" : "mounted",
	"wearout" : "N/A",
	"health" : "UNKNOWN",
	"gpt" : 1,
	"size" : 1536000,
	"rpm" : 0,
	"type" : "hdd",
	"osdid" : -1,
	"serial" : "SERIAL1",
	"vendor" : "ATA",
	"wwn" : "0x0000000000000000",
	"devpath" : "/dev/sda"
    },
    "sdc" : {
	"serial" : "SERIAL1",
	"vendor" : "ATA",
	"devpath" : "/dev/sdc",
	"wwn" : "0x0000000000000000",
	"used" : "ZFS",
	"wearout" : "N/A",
	"model" : "MODEL1",
	"health" : "UNKNOWN",
	"type" : "hdd",
	"osdid" : -1,
	"gpt" : 1,
	"rpm" : 0,
	"size" : 1536000
    },
    "sdd" : {
	"model" : "MODEL1",
	"wearout" : "N/A",
	"health" : "UNKNOWN",
	"size" : 1536000,
	"rpm" : 0,
	"gpt" : 1,
	"type" : "hdd",
	"osdid" : -1,
	"serial" : "SERIAL1",
	"vendor" : "ATA",
	"wwn" : "0x0000000000000000",
	"devpath" : "/dev/sdd"
    }
}
